{% extends "layout.html" %}

{% block body %}

<ul class="groups">
    {% for group in groups %}
    <li>{{ group }}
    {% else %}
    <li><em>No groups to display.</em> 
    {% endfor %}
</ul>

{% endblock %}
